// Jest Snapshot v1, https://goo.gl/fbAQLP

exports[`Hello renders without errors 1`] = `
<h1>
  Hello 
  Simple App
  !
</h1>
`;
